// Jest Snapshot v1, https://goo.gl/fbAQLP

exports[`Select  renders 1`] = `
<Field
  forId="test-id"
  isSelect={true}
>
  <select
    className="p-form-validation__input"
    id="test-id"
    onChange={[Function]}
  >
    <option
      disabled={true}
      key="Select an option"
      value=""
    >
      Select an option
    </option>
    <option
      key="1"
      value="1"
    >
      Cosmic Cuttlefish
    </option>
    <option
      key="2"
      value="2"
    >
      Bionic Beaver
    </option>
    <option
      key="3"
      value="3"
    >
      Xenial Xerus
    </option>
  </select>
</Field>
`;
