// Jest Snapshot v1, https://goo.gl/fbAQLP

exports[`Col  renders 1`] = `
<div
  className="col-3"
>
  Test content
</div>
`;
