// Jest Snapshot v1, https://goo.gl/fbAQLP

exports[`MainTable renders 1`] = `
<Fragment>
  <Table>
    <thead>
      <TableRow>
        <TableHeader
          key="0"
        >
          Status
        </TableHeader>
        <TableHeader
          className="u-align--right"
          key="1"
        >
          Cores
        </TableHeader>
        <TableHeader
          className="u-align--right"
          key="2"
        >
          RAM
        </TableHeader>
        <TableHeader
          className="u-align--right"
          key="3"
        >
          <span>
            Disks 
            <i
              className="p-icon--information"
            />
          </span>
        </TableHeader>
      </TableRow>
    </thead>
    <tbody>
      <TableRow
        key="0"
      >
        <TableCell
          key="0"
          role="rowheader"
        >
          Ready
        </TableCell>
        <TableCell
          className="u-align--right"
          key="1"
        >
          1
        </TableCell>
        <TableCell
          className="u-align--right"
          key="2"
        >
          1 GiB
        </TableCell>
        <TableCell
          className="u-align--right"
          key="3"
        >
          2
        </TableCell>
      </TableRow>
      <TableRow
        key="1"
      >
        <TableCell
          key="0"
          role="rowheader"
        >
          Waiting
        </TableCell>
        <TableCell
          className="u-align--right"
          key="1"
        >
          1
        </TableCell>
        <TableCell
          className="u-align--right"
          key="2"
        >
          1 GiB
        </TableCell>
        <TableCell
          className="u-align--right"
          key="3"
        >
          2
        </TableCell>
      </TableRow>
      <TableRow
        key="2"
      >
        <TableCell
          key="0"
          role="rowheader"
        >
          Idle
        </TableCell>
        <TableCell
          className="u-align--right"
          key="1"
        >
          8
        </TableCell>
        <TableCell
          className="u-align--right"
          key="2"
        >
          3.9 GiB
        </TableCell>
        <TableCell
          className="u-align--right"
          key="3"
        >
          3
        </TableCell>
      </TableRow>
    </tbody>
  </Table>
</Fragment>
`;
